// Jest Snapshot v1, https://goo.gl/fbAQLP

exports[`Thread reducer should add a message to the thread 1`] = `
Object {
  "message": "hello",
}
`;
